Skipping image OS validation for hb__466acb99063586055a050fe962f3c241: docker inspect returned 1
Running command: apt-get update && apt-get install -y curl bash
Command outputs captured
Running command: set -euo pipefail; curl -o- https://raw.githubusercontent.com/nvm-sh/nvm/v0.40.2/install.sh | env -u NODE_VERSION bash && export NVM_DIR="$HOME/.nvm" && \. "$NVM_DIR/nvm.sh" || true && command -v nvm &>/dev/null || { echo 'Error: NVM failed to load' >&2; exit 1; } && nvm install 22 && nvm alias default 22 && npm -v && npm i -g opencode-ai@latest && opencode --version
Command outputs captured
Running command: mkdir -p /logs/agent/opencode/xdg-data/opencode && ln -sfn /run/secrets/evallab_zai_opencode_auth.json /logs/agent/opencode/xdg-data/opencode/auth.json
Command outputs captured
Running command: mkdir -p ~/.config/opencode && echo '{
  "provider": {
    "zai-coding-plan": {
      "models": {
        "glm-5.3-flash": {}
      }
    }
  }
}' > ~/.config/opencode/opencode.json
Command outputs captured
Running command: . ~/.nvm/nvm.sh; opencode --model=zai-coding-plan/glm-5.3-flash run --format=json --thinking --dangerously-skip-permissions -- '# Function-DAG Target Evaluation Task

## Context
You are provided with a cleanroom deterministic Function Dependency DAG (Directed Acyclic Graph) in the current environment.

The environment contains:
- `/app/src/inputs.json`: Root input parameter values.
- `/app/src/dag_spec.json`: JSON specification of all graph nodes, their operations, parameters, and input dependencies.
- `/app/src/dag_code.py`: Executable Python functions corresponding to the DAG nodes.

## Goal
Evaluate the dependency chain starting from the root inputs in `/app/src/inputs.json` to compute the exact integer value of the target node:
- **Target Node ID**: `n_2_0`

Note: The graph contains 2 computational layers and 0 distractor nodes (including dead-end branches and disconnected components) that must be filtered out or handled correctly.

## Output Specification
Write a JSON file to `/app/output/result.json` with this exact top-level schema:
```json
{
  "target": "n_2_0",
  "value": <computed_integer_value>,
  "dependency_trace": [
    {
      "node": "<required_node_id>",
      "inputs": [
        {"id": "<input_or_node_id>", "value": <exact_integer_value>}
      ],
      "value": <exact_integer_value>
    }
  ]
}
```

`dependency_trace` must contain every node in the target'"'"'s transitive dependency
chain exactly once, in topological order, and no distractor nodes. Each `inputs`
array must preserve the node'"'"'s declared input order and report the exact resolved
integer value for every root input or upstream node. No extra top-level or trace
entry fields are allowed.
' 2>&1 </dev/null | stdbuf -oL tee /logs/agent/opencode.txt
Command outputs captured
Wrote opencode trajectory to runs/zai-opencode/zai-flash-funcdag-easy-r3-20260829/evallab-zai-syn-funcdag-easy__h2hcQHH/agent/trajectory.json
Collecting main service artifacts
Skipping image OS validation for hb__3e40c8c775fcd5f8cef0e220903b2130: docker inspect returned 1
