{"at": "2026-10-06T18:21:53+00:00", "event": "validation_start", "tasks": ["000552", "001269", "002139", "002391", "002402", "002486", "002552", "002864", "002938", "000792"], "mode": "local"}
{"at": "2026-10-06T18:28:16+00:00", "event": "validation_stop", "seconds": 382.4, "problems": 5, "modal_spend_usd": 0}
{"at": "2026-10-06T18:39:09+00:00", "event": "validation_start", "tasks": ["000552", "001269", "002139", "002391", "002402", "002486", "002552", "002864", "002938", "000792"], "mode": "local"}
{"at": "2026-10-06T18:43:06+00:00", "event": "validation_start", "tasks": ["000552", "001269", "002139", "002391", "002402", "002486", "002552", "002864", "002938", "000792"], "mode": "local"}
{"at": "2026-10-06T18:49:18+00:00", "event": "validation_stop", "seconds": 372.4, "problems": 0, "modal_spend_usd": 0}
{"at": "2026-10-06T18:50:37+00:00", "event": "validation_start", "tasks": ["000552", "001269", "002139", "002391", "002402", "002486", "002552", "002864", "002938", "000792"], "mode": "local"}
{"at": "2026-10-06T18:54:04+00:00", "event": "validation_stop", "seconds": 207.3, "problems": 0, "modal_spend_usd": 0}
{"at": "2026-10-06T18:57:07+00:00", "event": "validation_start", "tasks": ["000552", "001269", "002139", "002391", "002402", "002486", "002552", "002864", "002938", "000792"], "mode": "local"}
{"at": "2026-10-06T19:01:09+00:00", "event": "validation_stop", "seconds": 242.0, "problems": 0, "modal_spend_usd": 0}
{"at": "2026-10-06T19:05:12+00:00", "event": "full_sweep_estimate", "note": "NOT spend. Projection for the 1146-image Modal sweep from 10-task validation timings (9071 MiB in 242s wall at 4 workers; pure-CPU gunzip+tar 220 MiB/s on laptop). Assumes Modal ingress free and datacenter download rates.", "total_compressed_gib": 2533.8, "projected_modal_cpu_hours": "3-7", "projected_modal_cost_usd": "0.20-0.45 (inside the 0.60 slice; authoritative figure comes from the Modal dashboard after the run)", "projected_wall_min_at_concurrency_32": "6-13", "blocker": "needs parent explicit OK for paid Modal call before run_modal_batch"}
{"at": "2026-10-06T19:07:45+00:00", "event": "modal_billing_baseline", "metered_cost_usd": 32.06, "billed_cost_usd": 1.74, "ephemeral_apps_usd": 1.56, "source": "modal billing summary"}
{"at": "2026-10-06T19:07:48+00:00", "event": "scan_start", "tasks": 20, "mode": "modal"}
{"at": "2026-10-06T19:08:18+00:00", "event": "scan_start", "tasks": 20, "mode": "modal"}
{"at": "2026-10-06T19:08:58+00:00", "event": "scan_start", "tasks": 20, "mode": "modal"}
{"at": "2026-10-06T19:09:16+00:00", "event": "scan_start", "tasks": 20, "mode": "modal"}
{"at": "2026-10-06T19:09:16+00:00", "event": "modal_batch_start", "tasks": 20, "concurrency": 8, "app": "har177-leak-scan"}
{"at": "2026-10-06T19:09:52+00:00", "event": "scan_start", "tasks": 20, "mode": "modal"}
{"at": "2026-10-06T19:09:52+00:00", "event": "modal_batch_start", "tasks": 20, "concurrency": 8, "app": "har177-leak-scan"}
{"at": "2026-10-06T19:13:46+00:00", "event": "modal_batch_stop", "tasks": 20, "wall_s": 233.7, "note": "verify cost in the Modal dashboard against the $0.60 slice budget"}
{"at": "2026-10-06T19:13:46+00:00", "event": "scan_stop", "seconds": 233.8, "modal_spend_usd": "see modal_batch_stop + dashboard"}
{"at": "2026-10-06T19:16:08+00:00", "event": "modal_pilot_result", "tasks": 20, "out": "research/experiments/har177-leak-scan/pilot20.csv", "counts": {"yes": 19, "unscanned": 1}, "probes_agree": "7/7 usable probes match local validation exactly", "unscanned_detail": "format-code-task-002864 leak-closed variant: git fsck exceeded the 120s _git timeout on 1-CPU worker; fixed to 600s slow timeout, rescanned in full sweep", "method": "all rows mirror.gcr.io-stream; variant (leak-closed/repair) payload path works"}
{"at": "2026-10-06T19:16:08+00:00", "event": "modal_billing_pilot_partial", "metered_before_usd": 32.06, "metered_after_usd": 33.33, "note": "workspace delta +1.27 sits under Deployed Apps (sibling har168 GPU lanes), NOT this slice. Pilot app ap-jyxtk2 (har177-leak) posted only setup cost so far (CPU 0.00013962 + Memory 0.00000333 + Egress 0.00000313 = ~$0.00015); container usage not yet posted (billing lag). Second pilot app ap-B4dEZRe absent from report. Full-sweep go/no-go awaits posted pilot cost."}
{"at": "2026-10-06T19:16:22+00:00", "event": "scan_start", "tasks": 1, "mode": "modal"}
{"at": "2026-10-06T19:16:22+00:00", "event": "modal_batch_start", "tasks": 1, "concurrency": 1, "app": "har177-leak-scan"}
{"at": "2026-10-06T19:19:17+00:00", "event": "modal_batch_stop", "tasks": 1, "wall_s": 174.6, "note": "verify cost in the Modal dashboard against the $0.60 slice budget"}
{"at": "2026-10-06T19:19:17+00:00", "event": "scan_stop", "seconds": 174.7, "modal_spend_usd": "see modal_batch_stop + dashboard"}
{"at": "2026-10-06T19:20:25+00:00", "event": "modal_billing_posted", "apps": {"ap-B4dEZR_pilot20": {"cpu": 0.02283579, "memory": 0.00350222, "egress": 0.00413376, "total": 0.03047177}, "ap-iCxqrP_002864rescan": {"cpu": 0.00189533, "memory": 0.00030667, "egress": 8.97e-05, "total": 0.0022917}, "ap-jyxtk2_setup": {"total": 0.00014608}}, "slice_total_usd": 0.033, "source": "modal billing report --for today --show-resources"}
{"at": "2026-10-06T19:20:25+00:00", "event": "STOP_full_sweep_over_budget", "pilot_cost_usd": 0.0305, "pilot_bytes_mib": 24517, "sweep_bytes_mib": 2594600, "projection_usd": 3.23, "slice_budget_usd": 0.6, "verdict": "STOP per Main stop condition; full leak_scan.csv not written"}
{"at": "2026-10-06T19:28:04+00:00", "event": "sample_draw", "n": 100, "seed": 177100, "population": 1146, "tasks": ["format-code-task-000008", "format-code-task-000041", "format-code-task-000049", "format-code-task-000067", "format-code-task-000076", "format-code-task-000116", "format-code-task-000149", "format-code-task-000158", "format-code-task-000160", "format-code-task-000168", "format-code-task-000220", "format-code-task-000237", "format-code-task-000241", "format-code-task-000306", "format-code-task-000324", "format-code-task-000337", "format-code-task-000379", "format-code-task-000467", "format-code-task-000505", "format-code-task-000512", "format-code-task-000568", "format-code-task-000571", "format-code-task-000582", "format-code-task-000592", "format-code-task-000655", "format-code-task-000680", "format-code-task-000745", "format-code-task-000746", "format-code-task-000784", "format-code-task-000832", "format-code-task-000844", "format-code-task-000871", "format-code-task-000905", "format-code-task-000939", "format-code-task-000972", "format-code-task-000987", "format-code-task-000998", "format-code-task-001080", "format-code-task-001084", "format-code-task-001136", "format-code-task-001152", "format-code-task-001154", "format-code-task-001209", "format-code-task-001249", "format-code-task-001260", "format-code-task-001333", "format-code-task-001364", "format-code-task-001422", "format-code-task-001481", "format-code-task-001488", "format-code-task-001497", "format-code-task-001587", "format-code-task-001692", "format-code-task-001750", "format-code-task-001811", "format-code-task-001880", "format-code-task-001936", "format-code-task-001940", "format-code-task-001963", "format-code-task-002022", "format-code-task-002023", "format-code-task-002134", "format-code-task-002135", "format-code-task-002169", "format-code-task-002202", "format-code-task-002204", "format-code-task-002213", "format-code-task-002218", "format-code-task-002222", "format-code-task-002228", "format-code-task-002248", "format-code-task-002354", "format-code-task-002355", "format-code-task-002367", "format-code-task-002371", "format-code-task-002387", "format-code-task-002398", "format-code-task-002409", "format-code-task-002415", "format-code-task-002446", "format-code-task-002454", "format-code-task-002470", "format-code-task-002520", "format-code-task-002549", "format-code-task-002563", "format-code-task-002600", "format-code-task-002614", "format-code-task-002714", "format-code-task-002724", "format-code-task-002852", "format-code-task-002854", "format-code-task-002858", "format-code-task-002895", "format-code-task-002939", "format-code-task-002941", "format-code-task-002961", "format-code-task-002976", "format-code-task-003001", "format-code-task-003015", "format-code-task-003034"]}
{"at": "2026-10-06T19:28:04+00:00", "event": "sample_reuse", "reused": 2, "to_scan": 98}
{"at": "2026-10-06T19:28:04+00:00", "event": "modal_batch_start", "tasks": 98, "concurrency": 32, "app": "har177-leak-scan"}
{"at": "2026-10-06T19:34:59+00:00", "event": "modal_batch_stop", "tasks": 98, "wall_s": 414.9, "note": "verify cost in the Modal dashboard against the $0.60 slice budget"}
{"at": "2026-10-06T19:35:23+00:00", "event": "sample_complete", "n": 100, "seed": 177100, "out": "research/experiments/har177-leak-scan/sample100.csv", "counts": {"yes": 100}, "prevalence": 1.0, "wilson95": [0.963, 1.0], "reused": 2, "fresh_modal": 98, "note": "sample app usage not yet posted; cost below is pilot-anchored projection"}
{"at": "2026-10-06T19:35:36+00:00", "event": "sample_cost_projection", "sample_mib": 222647, "projection_usd": 0.28, "projection_range_usd": [0.15, 0.28], "basis": "pilot ap-B4dEZR $0.03047/24517MiB byte-ratio (conservative) and container-second bound (415s wall @<=32 containers)", "authorized_usd": 0.3, "billing_status": "sample app usage not yet posted as of this event; re-run: modal billing report --for today --show-resources | grep har177-le"}
